Device-only fault proxy -> isolated API on8789
{"method":"GET","path":"/products?page=1&pageSize=100","status":200}
{"method":"GET","path":"/categories","status":200}
{"method":"GET","path":"/products?page=2&pageSize=100","status":200}
{"method":"GET","path":"/products?page=1&pageSize=100","status":200}
{"method":"GET","path":"/products?page=2&pageSize=100","status":200}
{"method":"GET","path":"/products?page=3&pageSize=100","status":200}
{"method":"GET","path":"/products?page=4&pageSize=100","status":200}
{"method":"GET","path":"/products?page=5&pageSize=100","status":200}
{"method":"GET","path":"/products?page=6&pageSize=100","status":200}
{"method":"GET","path":"/products?page=7&pageSize=100","status":200}
{"method":"GET","path":"/products?page=8&pageSize=100","status":200}
{"method":"GET","path":"/products?page=9&pageSize=100","status":200}
{"method":"GET","path":"/products?page=10&pageSize=100","status":200}
{"method":"GET","path":"/products?page=11&pageSize=100","status":200}
{"method":"GET","path":"/products?page=12&pageSize=100","status":200}
{"method":"GET","path":"/products?page=13&pageSize=100","status":200}
{"method":"GET","path":"/products?page=14&pageSize=100","status":200}
{"method":"GET","path":"/products?page=15&pageSize=100","status":200}
{"method":"GET","path":"/products?page=16&pageSize=100","status":200}
{"method":"GET","path":"/products?page=17&pageSize=100","status":200}
{"method":"GET","path":"/products?page=18&pageSize=100","status":200}
{"method":"GET","path":"/products?page=19&pageSize=100","status":200}
{"method":"GET","path":"/products?page=20&pageSize=100","status":200}
{"method":"GET","path":"/products?page=21&pageSize=100","status":200}
{"method":"GET","path":"/products?page=22&pageSize=100","status":200}
{"method":"GET","path":"/products?page=23&pageSize=100","status":200}
{"method":"GET","path":"/products?page=24&pageSize=100","status":200}
{"method":"POST","path":"/auth/login","status":401}
{"method":"POST","path":"/auth/login","status":200}
{"method":"GET","path":"/categories","status":200}
{"method":"GET","path":"/products?page=1&pageSize=100","status":200}
{"method":"GET","path":"/categories","status":200}
{"method":"GET","path":"/products?page=1&pageSize=100","status":200}
{"method":"GET","path":"/products?page=2&pageSize=100","status":200}
{"method":"GET","path":"/products?page=2&pageSize=100","status":200}
{"method":"GET","path":"/products?id=4d12a9ea-54ee-4501-9141-c56c2788b3f2","status":200}
{"method":"GET","path":"/service-requests","status":401}
{"method":"POST","path":"/auth/refresh","status":200}
{"method":"GET","path":"/service-requests","status":200}
{"method":"GET","path":"/categories","status":200}
{"method":"GET","path":"/products?page=1&pageSize=100","status":200}
{"method":"GET","path":"/products?page=2&pageSize=100","status":200}
{"method":"GET","path":"/products?page=3&pageSize=100","status":200}
{"method":"GET","path":"/products?page=4&pageSize=100","status":200}
{"method":"GET","path":"/products?page=5&pageSize=100","status":200}
{"method":"GET","path":"/products?page=6&pageSize=100","status":200}
{"method":"GET","path":"/products?page=7&pageSize=100","status":200}
{"method":"GET","path":"/products?page=8&pageSize=100","status":200}
{"method":"GET","path":"/products?page=9&pageSize=100","status":200}
{"method":"GET","path":"/products?page=10&pageSize=100","status":200}
{"method":"GET","path":"/products?page=11&pageSize=100","status":200}
{"method":"GET","path":"/products?page=12&pageSize=100","status":200}
{"method":"GET","path":"/products?page=13&pageSize=100","status":200}
{"method":"GET","path":"/products?page=14&pageSize=100","status":200}
{"method":"GET","path":"/products?page=15&pageSize=100","status":200}
{"method":"GET","path":"/products?page=16&pageSize=100","status":200}
{"method":"GET","path":"/products?page=17&pageSize=100","status":200}
{"method":"GET","path":"/products?page=18&pageSize=100","status":200}
{"method":"GET","path":"/products?page=19&pageSize=100","status":200}
{"method":"GET","path":"/products?page=20&pageSize=100","status":200}
{"method":"GET","path":"/products?page=21&pageSize=100","status":200}
{"method":"GET","path":"/products?page=22&pageSize=100","status":200}
{"method":"GET","path":"/products?page=23&pageSize=100","status":200}
{"method":"GET","path":"/products?page=24&pageSize=100","status":200}
{"method":"GET","path":"/profile","status":200}
{"method":"GET","path":"/products?page=1&pageSize=40&categoryId=all-products&sort=name","status":200}
{"method":"GET","path":"/categories","status":200}
{"method":"GET","path":"/products?page=1&pageSize=40&categoryId=all-products&search=VCLND&sort=name","status":200}
{"method":"GET","path":"/products?id=4d12a9ea-54ee-4501-9141-c56c2788b3f2","status":200}
{"method":"GET","path":"/products?page=1&pageSize=100","status":200}
{"method":"GET","path":"/categories","status":200}
{"method":"GET","path":"/products?page=2&pageSize=100","status":200}
{"method":"GET","path":"/products?page=1&pageSize=40&categoryId=all-products&sort=name","status":200}
{"method":"GET","path":"/categories","status":200}
{"method":"GET","path":"/profile","status":200}
{"method":"POST","path":"/orders/quote","status":401}
{"method":"POST","path":"/auth/refresh","status":200}
{"method":"POST","path":"/orders/quote","status":200}
{"method":"POST","path":"/orders","status":201,"outcome":"lost response after server accepted order"}
{"method":"GET","path":"/profile","status":200}
{"method":"GET","path":"/profile","status":200}
{"method":"POST","path":"/orders","status":200}
{"method":"GET","path":"/orders/1055ac4a-6c54-46ef-9ff9-1a386eeb94bf","status":200}
{"method":"GET","path":"/orders/1055ac4a-6c54-46ef-9ff9-1a386eeb94bf","status":200}
{"method":"GET","path":"/orders/1055ac4a-6c54-46ef-9ff9-1a386eeb94bf","status":200}
{"method":"GET","path":"/orders/1055ac4a-6c54-46ef-9ff9-1a386eeb94bf","status":200}
{"method":"GET","path":"/orders","status":200}
{"method":"GET","path":"/orders/1055ac4a-6c54-46ef-9ff9-1a386eeb94bf","status":200}
{"method":"GET","path":"/profile","status":200}
{"method":"GET","path":"/orders/1055ac4a-6c54-46ef-9ff9-1a386eeb94bf","status":200}
{"method":"GET","path":"/orders","status":200}
{"method":"GET","path":"/orders/1055ac4a-6c54-46ef-9ff9-1a386eeb94bf","status":200}
{"method":"GET","path":"/orders","status":200}
{"method":"GET","path":"/orders/1055ac4a-6c54-46ef-9ff9-1a386eeb94bf","status":200}
{"method":"GET","path":"/orders/1055ac4a-6c54-46ef-9ff9-1a386eeb94bf","status":200}
{"method":"GET","path":"/orders","status":200}
{"method":"POST","path":"/auth/logout","status":200}
{"method":"GET","path":"/public/documents","status":200}
{"method":"POST","path":"/auth/register","status":201}
{"method":"GET","path":"/orders/1055ac4a-6c54-46ef-9ff9-1a386eeb94bf","status":404}
{"method":"GET","path":"/categories","status":200}
{"method":"GET","path":"/products?page=1&pageSize=100","status":200}
{"method":"GET","path":"/categories","status":200}
{"method":"GET","path":"/products?page=1&pageSize=100","status":200}
{"method":"GET","path":"/products?page=2&pageSize=100","status":200}
{"method":"GET","path":"/products?page=2&pageSize=100","status":200}
{"method":"GET","path":"/orders/1055ac4a-6c54-46ef-9ff9-1a386eeb94bf","status":404}
{"method":"GET","path":"/orders/1055ac4a-6c54-46ef-9ff9-1a386eeb94bf","status":404}
{"method":"GET","path":"/orders/1055ac4a-6c54-46ef-9ff9-1a386eeb94bf","status":404}
{"method":"GET","path":"/orders/1055ac4a-6c54-46ef-9ff9-1a386eeb94bf","status":404}
{"method":"GET","path":"/orders/1055ac4a-6c54-46ef-9ff9-1a386eeb94bf","status":404}
{"method":"GET","path":"/orders/1055ac4a-6c54-46ef-9ff9-1a386eeb94bf","status":404}
{"method":"GET","path":"/orders/1055ac4a-6c54-46ef-9ff9-1a386eeb94bf","status":404}
{"method":"GET","path":"/orders/1055ac4a-6c54-46ef-9ff9-1a386eeb94bf","status":404}
{"method":"GET","path":"/orders/1055ac4a-6c54-46ef-9ff9-1a386eeb94bf","status":404}
{"method":"GET","path":"/orders/1055ac4a-6c54-46ef-9ff9-1a386eeb94bf","status":404}
{"method":"GET","path":"/profile","status":200}
{"method":"GET","path":"/profile","status":200}
{"method":"GET","path":"/profile","status":200}
{"method":"PATCH","path":"/profile","status":200}
{"method":"GET","path":"/profile","status":200}
{"method":"GET","path":"/profile","status":200}
{"method":"GET","path":"/profile","status":200}
{"method":"GET","path":"/profile","status":200}
{"method":"GET","path":"/profile","status":200}
{"method":"GET","path":"/profile","status":401}
{"method":"POST","path":"/auth/refresh","status":200}
{"method":"GET","path":"/profile","status":200}
{"method":"GET","path":"/products?id=c34f7883-3475-44ed-9401-2065b7fc221b","status":200}
{"method":"GET","path":"/categories","status":200}
{"method":"GET","path":"/products?page=1&pageSize=40&categoryId=all&sort=name","status":200}
{"method":"GET","path":"/products?page=1&pageSize=100","status":200}
{"method":"GET","path":"/products?page=2&pageSize=100","status":200}
{"method":"GET","path":"/categories","status":200}
{"method":"GET","path":"/products?page=1&pageSize=40&categoryId=all-products&sort=name","status":200}
{"method":"GET","path":"/profile","status":200}
{"method":"GET","path":"/profile","status":200}
{"method":"GET","path":"/profile","status":200}
{"method":"POST","path":"/orders/quote","status":200}
{"method":"GET","path":"/profile","status":200}
{"method":"GET","path":"/profile","status":200}
{"method":"GET","path":"/profile","status":200}
{"method":"GET","path":"/profile","status":200}
{"method":"GET","path":"/profile","status":200}
{"method":"GET","path":"/profile","status":200}
{"method":"GET","path":"/profile","status":200}
{"method":"GET","path":"/profile","status":200}
{"method":"GET","path":"/profile","status":200}
{"method":"POST","path":"/orders/quote","status":200}
{"method":"POST","path":"/orders","status":201,"outcome":"lost response after server accepted order"}
{"method":"GET","path":"/profile","status":200}
{"method":"GET","path":"/profile","status":200}
{"method":"GET","path":"/profile","status":200}
{"method":"GET","path":"/profile","status":200}
{"method":"POST","path":"/orders","status":200}
{"method":"GET","path":"/orders/7fe879dd-7564-449b-a251-88e035bad512","status":200}
{"method":"GET","path":"/orders/7fe879dd-7564-449b-a251-88e035bad512","status":200}
{"method":"GET","path":"/orders/7fe879dd-7564-449b-a251-88e035bad512","status":200}
{"method":"GET","path":"/orders/7fe879dd-7564-449b-a251-88e035bad512","status":200}
{"method":"GET","path":"/orders/7fe879dd-7564-449b-a251-88e035bad512","status":200}
{"method":"GET","path":"/orders/7fe879dd-7564-449b-a251-88e035bad512","status":200}
{"method":"GET","path":"/orders/7fe879dd-7564-449b-a251-88e035bad512","status":200}
{"method":"GET","path":"/orders/7fe879dd-7564-449b-a251-88e035bad512","status":200}
{"method":"GET","path":"/orders/7fe879dd-7564-449b-a251-88e035bad512","status":200}
{"method":"GET","path":"/profile","status":200}
{"method":"GET","path":"/profile","status":200}
{"method":"GET","path":"/profile","status":401}
{"method":"GET","path":"/profile","status":401}
{"method":"POST","path":"/auth/refresh","status":200}
{"method":"GET","path":"/profile","status":200}
{"method":"GET","path":"/profile","status":200}
{"method":"GET","path":"/categories","status":200}
{"method":"GET","path":"/products?page=1&pageSize=40&categoryId=all-products&sort=name","status":200}
{"method":"GET","path":"/profile","status":200}
{"method":"POST","path":"/orders/quote","status":200}
{"method":"POST","path":"/orders","status":201}
{"method":"GET","path":"/orders/18a5620f-d832-46c3-8a5e-f4fd580e0de0","status":200}
{"method":"GET","path":"/orders/18a5620f-d832-46c3-8a5e-f4fd580e0de0","status":200}
{"method":"GET","path":"/orders/18a5620f-d832-46c3-8a5e-f4fd580e0de0","status":200}
{"method":"GET","path":"/orders/18a5620f-d832-46c3-8a5e-f4fd580e0de0","status":200}
{"method":"GET","path":"/orders/18a5620f-d832-46c3-8a5e-f4fd580e0de0","status":200}
{"method":"GET","path":"/orders/18a5620f-d832-46c3-8a5e-f4fd580e0de0","status":200}
{"method":"GET","path":"/orders/18a5620f-d832-46c3-8a5e-f4fd580e0de0","status":200}
{"method":"GET","path":"/orders/18a5620f-d832-46c3-8a5e-f4fd580e0de0","status":200}
{"method":"GET","path":"/orders","status":200}
{"method":"GET","path":"/orders/18a5620f-d832-46c3-8a5e-f4fd580e0de0","status":200}
{"method":"GET","path":"/service-requests","status":200}
{"method":"GET","path":"/orders","status":200}
{"method":"GET","path":"/orders/18a5620f-d832-46c3-8a5e-f4fd580e0de0","status":200}
{"method":"GET","path":"/orders/18a5620f-d832-46c3-8a5e-f4fd580e0de0","status":200}
{"method":"GET","path":"/orders","status":200}
{"method":"GET","path":"/orders/18a5620f-d832-46c3-8a5e-f4fd580e0de0","status":200}
{"method":"GET","path":"/service-requests","status":200}
{"method":"GET","path":"/orders","status":200}
{"method":"GET","path":"/orders/18a5620f-d832-46c3-8a5e-f4fd580e0de0","status":200}
{"method":"GET","path":"/orders/18a5620f-d832-46c3-8a5e-f4fd580e0de0","status":200}
{"method":"GET","path":"/orders","status":200}
{"method":"GET","path":"/orders/18a5620f-d832-46c3-8a5e-f4fd580e0de0","status":200}
{"method":"GET","path":"/service-requests","status":200}
{"method":"GET","path":"/orders","status":200}
{"method":"GET","path":"/orders/18a5620f-d832-46c3-8a5e-f4fd580e0de0","status":200}
{"method":"GET","path":"/orders/18a5620f-d832-46c3-8a5e-f4fd580e0de0","status":200}
{"method":"GET","path":"/orders","status":200}
{"method":"GET","path":"/orders/18a5620f-d832-46c3-8a5e-f4fd580e0de0","status":200}
{"method":"GET","path":"/service-requests","status":200}
{"method":"GET","path":"/orders","status":200}
{"method":"GET","path":"/orders/18a5620f-d832-46c3-8a5e-f4fd580e0de0","status":200}
{"method":"GET","path":"/orders/18a5620f-d832-46c3-8a5e-f4fd580e0de0","status":200}
{"method":"GET","path":"/orders","status":200}
{"method":"GET","path":"/orders/18a5620f-d832-46c3-8a5e-f4fd580e0de0","status":200}
{"method":"GET","path":"/service-requests","status":200}
{"method":"GET","path":"/orders","status":200}
{"method":"GET","path":"/orders/18a5620f-d832-46c3-8a5e-f4fd580e0de0","status":200}
{"method":"GET","path":"/orders/18a5620f-d832-46c3-8a5e-f4fd580e0de0","status":200}
{"method":"GET","path":"/orders","status":200}
{"method":"GET","path":"/orders/18a5620f-d832-46c3-8a5e-f4fd580e0de0","status":200}
{"method":"GET","path":"/service-requests","status":200}
{"method":"GET","path":"/orders","status":200}
{"method":"GET","path":"/orders/18a5620f-d832-46c3-8a5e-f4fd580e0de0","status":200}
{"method":"GET","path":"/orders/18a5620f-d832-46c3-8a5e-f4fd580e0de0","status":200}
{"method":"GET","path":"/orders","status":200}
{"method":"POST","path":"/service-requests","status":201}
{"method":"GET","path":"/service-requests","status":200}
{"method":"GET","path":"/orders/18a5620f-d832-46c3-8a5e-f4fd580e0de0","status":200}
{"method":"GET","path":"/orders","status":200}
{"method":"GET","path":"/orders/18a5620f-d832-46c3-8a5e-f4fd580e0de0","status":200}
{"method":"GET","path":"/orders/18a5620f-d832-46c3-8a5e-f4fd580e0de0","status":200}
{"method":"GET","path":"/orders","status":200}
{"method":"GET","path":"/service-requests","status":200}
{"method":"GET","path":"/orders/18a5620f-d832-46c3-8a5e-f4fd580e0de0","status":200}
{"method":"GET","path":"/orders","status":200}
{"method":"GET","path":"/orders/18a5620f-d832-46c3-8a5e-f4fd580e0de0","status":200}
{"method":"GET","path":"/orders/18a5620f-d832-46c3-8a5e-f4fd580e0de0","status":200}
{"method":"GET","path":"/orders","status":200}
{"method":"GET","path":"/service-requests","status":200}
{"method":"GET","path":"/orders/18a5620f-d832-46c3-8a5e-f4fd580e0de0","status":200}
{"method":"GET","path":"/orders","status":200}
{"method":"GET","path":"/orders/18a5620f-d832-46c3-8a5e-f4fd580e0de0","status":200}
{"method":"GET","path":"/orders/18a5620f-d832-46c3-8a5e-f4fd580e0de0","status":200}
{"method":"GET","path":"/orders","status":200}
{"method":"GET","path":"/service-requests","status":200}
{"method":"GET","path":"/orders/18a5620f-d832-46c3-8a5e-f4fd580e0de0","status":200}
{"method":"GET","path":"/orders","status":200}
{"method":"GET","path":"/orders/18a5620f-d832-46c3-8a5e-f4fd580e0de0","status":200}
{"method":"GET","path":"/orders/18a5620f-d832-46c3-8a5e-f4fd580e0de0","status":200}
{"method":"GET","path":"/orders","status":200}
{"method":"GET","path":"/service-requests","status":200}
{"method":"GET","path":"/service-requests","status":200}
{"method":"GET","path":"/orders/18a5620f-d832-46c3-8a5e-f4fd580e0de0","status":200}
{"method":"GET","path":"/orders","status":200}
{"method":"GET","path":"/orders/18a5620f-d832-46c3-8a5e-f4fd580e0de0","status":200}
{"method":"GET","path":"/orders","status":200}
{"method":"GET","path":"/orders/18a5620f-d832-46c3-8a5e-f4fd580e0de0","status":200}
{"method":"GET","path":"/service-requests","status":200}
{"method":"GET","path":"/orders/18a5620f-d832-46c3-8a5e-f4fd580e0de0","status":200}
{"method":"GET","path":"/orders","status":200}
{"method":"GET","path":"/orders/18a5620f-d832-46c3-8a5e-f4fd580e0de0","status":200}
{"method":"GET","path":"/orders","status":200}
{"method":"GET","path":"/orders/18a5620f-d832-46c3-8a5e-f4fd580e0de0","status":200}
{"method":"GET","path":"/service-requests","status":200}
{"method":"GET","path":"/orders/18a5620f-d832-46c3-8a5e-f4fd580e0de0","status":200}
{"method":"GET","path":"/orders","status":200}
{"method":"GET","path":"/orders/18a5620f-d832-46c3-8a5e-f4fd580e0de0","status":200}
{"method":"GET","path":"/orders","status":200}
{"method":"GET","path":"/orders/18a5620f-d832-46c3-8a5e-f4fd580e0de0","status":200}
{"method":"GET","path":"/service-requests","status":200}
{"method":"GET","path":"/orders/18a5620f-d832-46c3-8a5e-f4fd580e0de0","status":200}
{"method":"GET","path":"/orders","status":200}
{"method":"GET","path":"/orders/18a5620f-d832-46c3-8a5e-f4fd580e0de0","status":200}
{"method":"GET","path":"/orders","status":200}
{"method":"GET","path":"/orders/18a5620f-d832-46c3-8a5e-f4fd580e0de0","status":200}
{"method":"GET","path":"/service-requests","status":200}
{"method":"GET","path":"/orders/18a5620f-d832-46c3-8a5e-f4fd580e0de0","status":200}
{"method":"GET","path":"/orders","status":200}
{"method":"GET","path":"/orders/18a5620f-d832-46c3-8a5e-f4fd580e0de0","status":200}
{"method":"GET","path":"/orders","status":200}
{"method":"GET","path":"/orders/18a5620f-d832-46c3-8a5e-f4fd580e0de0","status":200}
{"method":"GET","path":"/service-requests","status":200}
{"method":"GET","path":"/orders/18a5620f-d832-46c3-8a5e-f4fd580e0de0","status":200}
{"method":"GET","path":"/orders","status":200}
{"method":"GET","path":"/orders/18a5620f-d832-46c3-8a5e-f4fd580e0de0","status":200}
{"method":"GET","path":"/orders","status":401}
{"method":"POST","path":"/auth/refresh","status":200}
{"method":"GET","path":"/orders","status":200}
{"method":"GET","path":"/orders/18a5620f-d832-46c3-8a5e-f4fd580e0de0","status":200}
{"method":"GET","path":"/service-requests","status":200}
{"method":"GET","path":"/orders/18a5620f-d832-46c3-8a5e-f4fd580e0de0","status":200}
{"method":"GET","path":"/orders","status":200}
{"method":"GET","path":"/orders/18a5620f-d832-46c3-8a5e-f4fd580e0de0","status":200}
{"method":"GET","path":"/orders","status":200}
{"method":"GET","path":"/orders/18a5620f-d832-46c3-8a5e-f4fd580e0de0","status":200}
{"method":"GET","path":"/service-requests","status":200}
{"method":"GET","path":"/orders/18a5620f-d832-46c3-8a5e-f4fd580e0de0","status":200}
{"method":"GET","path":"/orders","status":200}
{"method":"GET","path":"/orders/18a5620f-d832-46c3-8a5e-f4fd580e0de0","status":200}
{"method":"GET","path":"/profile","status":200}
{"method":"GET","path":"/orders","status":200}
{"method":"GET","path":"/orders/18a5620f-d832-46c3-8a5e-f4fd580e0de0","status":200}
{"method":"GET","path":"/orders/18a5620f-d832-46c3-8a5e-f4fd580e0de0","status":200}
{"method":"GET","path":"/orders","status":200}
{"method":"POST","path":"/auth/logout","status":200}
{"method":"POST","path":"/auth/login","status":200}
{"method":"GET","path":"/profile","status":200}
{"method":"GET","path":"/orders/18a5620f-d832-46c3-8a5e-f4fd580e0de0","status":404}
{"method":"GET","path":"/categories","status":200}
{"method":"GET","path":"/products?page=1&pageSize=100","status":200}
{"method":"GET","path":"/categories","status":200}
{"method":"GET","path":"/products?page=1&pageSize=100","status":200}
{"method":"GET","path":"/profile","status":200}
{"method":"GET","path":"/products?page=2&pageSize=100","status":200}
{"method":"GET","path":"/products?page=2&pageSize=100","status":200}
{"method":"GET","path":"/products?page=1&pageSize=40&categoryId=all-products&sort=name","status":200}
{"method":"GET","path":"/orders/18a5620f-d832-46c3-8a5e-f4fd580e0de0","status":404}
{"method":"GET","path":"/orders/18a5620f-d832-46c3-8a5e-f4fd580e0de0","status":404}
{"method":"GET","path":"/admin/leads","status":200}
{"method":"GET","path":"/admin/plumbers","status":200}
{"method":"GET","path":"/admin/program","status":200}
{"method":"GET","path":"/admin/loyalty/config","status":200}
{"method":"GET","path":"/orders/18a5620f-d832-46c3-8a5e-f4fd580e0de0","status":404}
{"method":"GET","path":"/orders/18a5620f-d832-46c3-8a5e-f4fd580e0de0","status":404}
{"method":"GET","path":"/admin/account-recovery","status":200}
{"method":"GET","path":"/orders/18a5620f-d832-46c3-8a5e-f4fd580e0de0","status":404}
{"method":"GET","path":"/orders/18a5620f-d832-46c3-8a5e-f4fd580e0de0","status":404}
{"method":"GET","path":"/orders/18a5620f-d832-46c3-8a5e-f4fd580e0de0","status":404}
{"method":"GET","path":"/orders/18a5620f-d832-46c3-8a5e-f4fd580e0de0","status":404}
{"method":"GET","path":"/orders/18a5620f-d832-46c3-8a5e-f4fd580e0de0","status":404}
{"method":"GET","path":"/orders/18a5620f-d832-46c3-8a5e-f4fd580e0de0","status":404}
{"method":"GET","path":"/orders/18a5620f-d832-46c3-8a5e-f4fd580e0de0","status":404}
{"method":"GET","path":"/orders/18a5620f-d832-46c3-8a5e-f4fd580e0de0","status":404}
{"method":"GET","path":"/admin/leads/213cdbda-b0f0-49c3-9dce-5dd5e627ea1a/candidates","status":200}
{"method":"GET","path":"/orders/18a5620f-d832-46c3-8a5e-f4fd580e0de0","status":404}
{"method":"GET","path":"/orders/18a5620f-d832-46c3-8a5e-f4fd580e0de0","status":404}
{"method":"GET","path":"/orders/18a5620f-d832-46c3-8a5e-f4fd580e0de0","status":404}
{"method":"GET","path":"/orders/18a5620f-d832-46c3-8a5e-f4fd580e0de0","status":404}
{"method":"GET","path":"/orders/18a5620f-d832-46c3-8a5e-f4fd580e0de0","status":404}
{"method":"GET","path":"/orders/18a5620f-d832-46c3-8a5e-f4fd580e0de0","status":404}
{"method":"GET","path":"/orders/18a5620f-d832-46c3-8a5e-f4fd580e0de0","status":404}
{"method":"GET","path":"/orders/18a5620f-d832-46c3-8a5e-f4fd580e0de0","status":404}
{"method":"GET","path":"/orders/18a5620f-d832-46c3-8a5e-f4fd580e0de0","status":404}
{"method":"GET","path":"/orders/18a5620f-d832-46c3-8a5e-f4fd580e0de0","status":404}
{"method":"GET","path":"/orders/18a5620f-d832-46c3-8a5e-f4fd580e0de0","status":404}
{"method":"GET","path":"/orders/18a5620f-d832-46c3-8a5e-f4fd580e0de0","status":404}
{"method":"GET","path":"/orders/18a5620f-d832-46c3-8a5e-f4fd580e0de0","status":404}
{"method":"GET","path":"/orders/18a5620f-d832-46c3-8a5e-f4fd580e0de0","status":404}
{"method":"GET","path":"/orders/18a5620f-d832-46c3-8a5e-f4fd580e0de0","status":404}
{"method":"GET","path":"/orders/18a5620f-d832-46c3-8a5e-f4fd580e0de0","status":404}
{"method":"GET","path":"/orders/18a5620f-d832-46c3-8a5e-f4fd580e0de0","status":404}
{"method":"GET","path":"/orders/18a5620f-d832-46c3-8a5e-f4fd580e0de0","status":404}
{"method":"GET","path":"/orders/18a5620f-d832-46c3-8a5e-f4fd580e0de0","status":404}
{"method":"GET","path":"/orders/18a5620f-d832-46c3-8a5e-f4fd580e0de0","status":404}
{"method":"GET","path":"/orders/18a5620f-d832-46c3-8a5e-f4fd580e0de0","status":404}
{"method":"GET","path":"/orders/18a5620f-d832-46c3-8a5e-f4fd580e0de0","status":404}
{"method":"GET","path":"/orders/18a5620f-d832-46c3-8a5e-f4fd580e0de0","status":404}
{"method":"GET","path":"/orders/18a5620f-d832-46c3-8a5e-f4fd580e0de0","status":404}
{"method":"GET","path":"/orders/18a5620f-d832-46c3-8a5e-f4fd580e0de0","status":404}
{"method":"GET","path":"/orders/18a5620f-d832-46c3-8a5e-f4fd580e0de0","status":404}
{"method":"GET","path":"/orders/18a5620f-d832-46c3-8a5e-f4fd580e0de0","status":404}
{"method":"GET","path":"/orders/18a5620f-d832-46c3-8a5e-f4fd580e0de0","status":404}
{"method":"GET","path":"/orders/18a5620f-d832-46c3-8a5e-f4fd580e0de0","status":404}
{"method":"GET","path":"/orders/18a5620f-d832-46c3-8a5e-f4fd580e0de0","status":404}
{"method":"GET","path":"/orders/18a5620f-d832-46c3-8a5e-f4fd580e0de0","status":404}
{"method":"GET","path":"/orders/18a5620f-d832-46c3-8a5e-f4fd580e0de0","status":404}
{"method":"GET","path":"/orders/18a5620f-d832-46c3-8a5e-f4fd580e0de0","status":404}
{"method":"GET","path":"/orders/18a5620f-d832-46c3-8a5e-f4fd580e0de0","status":404}
{"method":"GET","path":"/orders/18a5620f-d832-46c3-8a5e-f4fd580e0de0","status":404}
{"method":"GET","path":"/orders/18a5620f-d832-46c3-8a5e-f4fd580e0de0","status":404}
{"method":"GET","path":"/orders/18a5620f-d832-46c3-8a5e-f4fd580e0de0","status":404}
{"method":"GET","path":"/orders/18a5620f-d832-46c3-8a5e-f4fd580e0de0","status":404}
{"method":"GET","path":"/orders/18a5620f-d832-46c3-8a5e-f4fd580e0de0","status":404}
{"method":"GET","path":"/orders/18a5620f-d832-46c3-8a5e-f4fd580e0de0","status":404}
{"method":"GET","path":"/orders/18a5620f-d832-46c3-8a5e-f4fd580e0de0","status":404}
{"method":"GET","path":"/orders/18a5620f-d832-46c3-8a5e-f4fd580e0de0","status":404}
{"method":"GET","path":"/orders/18a5620f-d832-46c3-8a5e-f4fd580e0de0","status":404}
{"method":"GET","path":"/orders/18a5620f-d832-46c3-8a5e-f4fd580e0de0","status":404}
{"method":"GET","path":"/orders/18a5620f-d832-46c3-8a5e-f4fd580e0de0","status":404}
{"method":"GET","path":"/orders/18a5620f-d832-46c3-8a5e-f4fd580e0de0","status":404}
{"method":"GET","path":"/orders/18a5620f-d832-46c3-8a5e-f4fd580e0de0","status":404}
{"method":"GET","path":"/orders/18a5620f-d832-46c3-8a5e-f4fd580e0de0","status":404}
{"method":"GET","path":"/orders/18a5620f-d832-46c3-8a5e-f4fd580e0de0","status":404}
{"method":"GET","path":"/admin/orders","status":200}
{"method":"GET","path":"/profile","status":200}
{"method":"GET","path":"/admin/orders/90394446-0db0-4a72-9672-4caa7d9b3438","status":200}
{"method":"GET","path":"/admin/orders","status":200}
{"method":"GET","path":"/admin/orders/90394446-0db0-4a72-9672-4caa7d9b3438","status":200}
{"method":"GET","path":"/admin/orders","status":200}
{"method":"GET","path":"/admin/orders/90394446-0db0-4a72-9672-4caa7d9b3438","status":200}
{"method":"GET","path":"/admin/plumbers","status":200}
{"method":"GET","path":"/admin/leads","status":200}
{"method":"GET","path":"/admin/program","status":200}
{"method":"GET","path":"/admin/loyalty/config","status":200}
{"method":"GET","path":"/admin/orders/90394446-0db0-4a72-9672-4caa7d9b3438","status":200}
{"method":"GET","path":"/admin/orders","status":200}
{"method":"GET","path":"/admin/leads/213cdbda-b0f0-49c3-9dce-5dd5e627ea1a/candidates","status":200}
{"method":"POST","path":"/admin/leads/213cdbda-b0f0-49c3-9dce-5dd5e627ea1a/assign","status":200}
{"method":"GET","path":"/admin/leads","status":200}
{"method":"GET","path":"/admin/program","status":200}
{"method":"GET","path":"/admin/orders/90394446-0db0-4a72-9672-4caa7d9b3438","status":200}
{"method":"GET","path":"/admin/orders","status":200}
{"method":"GET","path":"/admin/orders/90394446-0db0-4a72-9672-4caa7d9b3438","status":200}
{"method":"GET","path":"/admin/orders/90394446-0db0-4a72-9672-4caa7d9b3438","status":200}
{"method":"GET","path":"/admin/orders","status":200}
{"method":"GET","path":"/admin/orders/90394446-0db0-4a72-9672-4caa7d9b3438","status":200}
{"method":"GET","path":"/admin/orders","status":200}
{"method":"GET","path":"/admin/orders/90394446-0db0-4a72-9672-4caa7d9b3438","status":200}
{"method":"GET","path":"/profile","status":200}
{"method":"GET","path":"/admin/orders/90394446-0db0-4a72-9672-4caa7d9b3438","status":200}
{"method":"GET","path":"/admin/orders","status":200}
{"method":"GET","path":"/admin/orders/90394446-0db0-4a72-9672-4caa7d9b3438","status":200}
{"method":"GET","path":"/admin/orders","status":200}
{"method":"GET","path":"/admin/orders/90394446-0db0-4a72-9672-4caa7d9b3438","status":200}
{"method":"GET","path":"/admin/orders/90394446-0db0-4a72-9672-4caa7d9b3438","status":200}
{"method":"GET","path":"/admin/orders","status":200}
{"method":"GET","path":"/admin/orders/90394446-0db0-4a72-9672-4caa7d9b3438","status":200}
{"method":"POST","path":"/auth/logout","status":200}
{"method":"POST","path":"/auth/login","status":200}
{"method":"GET","path":"/categories","status":200}
{"method":"GET","path":"/products?page=1&pageSize=100","status":200}
{"method":"GET","path":"/plumber/dashboard","status":200}
{"method":"GET","path":"/products?page=2&pageSize=100","status":200}
{"method":"GET","path":"/categories","status":200}
{"method":"GET","path":"/products?page=1&pageSize=100","status":200}
{"method":"GET","path":"/plumber/leads","status":200}
{"method":"GET","path":"/products?page=2&pageSize=100","status":200}
{"method":"PATCH","path":"/plumber/leads/213cdbda-b0f0-49c3-9dce-5dd5e627ea1a/status","status":200}
{"method":"GET","path":"/plumber/leads","status":200}
{"method":"GET","path":"/plumber/dashboard","status":200}
{"method":"PATCH","path":"/plumber/leads/213cdbda-b0f0-49c3-9dce-5dd5e627ea1a/status","status":200}
{"method":"GET","path":"/plumber/leads","status":200}
{"method":"GET","path":"/plumber/dashboard","status":200}
{"method":"PATCH","path":"/plumber/leads/213cdbda-b0f0-49c3-9dce-5dd5e627ea1a/status","status":200}
{"method":"GET","path":"/plumber/leads","status":200}
{"method":"GET","path":"/plumber/dashboard","status":200}
{"method":"GET","path":"/plumber/leads","status":200}
{"method":"GET","path":"/plumber/dashboard","status":200}
{"method":"GET","path":"/plumber/leads","status":200}
{"method":"GET","path":"/plumber/dashboard","status":200}
{"method":"GET","path":"/plumber/leads","status":200}
{"method":"GET","path":"/plumber/leads","status":200}
{"method":"GET","path":"/plumber/dashboard","status":200}
{"method":"GET","path":"/plumber/leads","status":200}
{"method":"GET","path":"/plumber/dashboard","status":200}
{"method":"GET","path":"/plumber/leads","status":200}
{"method":"GET","path":"/plumber/leads","status":200}
{"method":"GET","path":"/plumber/dashboard","status":200}
{"method":"GET","path":"/profile","status":200}
{"method":"GET","path":"/plumber/leads","status":200}
{"method":"POST","path":"/auth/logout","status":200}
{"method":"POST","path":"/auth/login","status":200}
{"method":"GET","path":"/categories","status":200}
{"method":"GET","path":"/products?page=1&pageSize=100","status":200}
{"method":"GET","path":"/products?page=1&pageSize=100","status":200}
{"method":"GET","path":"/categories","status":200}
{"method":"GET","path":"/products?page=2&pageSize=100","status":200}
{"method":"GET","path":"/products?page=2&pageSize=100","status":200}
{"method":"GET","path":"/service-requests","status":200}
{"method":"GET","path":"/service-requests","status":200}
{"method":"GET","path":"/service-requests","status":200}
{"method":"POST","path":"/service-requests/213cdbda-b0f0-49c3-9dce-5dd5e627ea1a/review","status":201}
{"method":"GET","path":"/service-requests","status":200}
{"method":"GET","path":"/profile","status":200}
{"method":"GET","path":"/profile","status":200}
{"method":"GET","path":"/profile","status":200}
{"method":"GET","path":"/categories","status":200}
{"method":"GET","path":"/products?page=1&pageSize=40&categoryId=all-products&sort=name","status":200}
{"method":"GET","path":"/products?page=1&pageSize=100","status":200}
{"method":"GET","path":"/products?page=2&pageSize=100","status":200}
{"method":"GET","path":"/products?page=1&pageSize=40&categoryId=all-products&sort=name","status":200}
{"method":"GET","path":"/categories","status":200}
{"method":"GET","path":"/profile","status":200}
{"method":"GET","path":"/profile","status":200}
{"method":"GET","path":"/profile","status":200}
{"method":"GET","path":"/categories","status":200}
{"method":"GET","path":"/products?page=1&pageSize=40&categoryId=all-products&sort=name","status":200}
{"method":"GET","path":"/products?page=1&pageSize=100","status":200}
{"method":"GET","path":"/products?page=2&pageSize=100","status":200}
{"method":"GET","path":"/products?page=1&pageSize=40&categoryId=all-products&sort=name","status":200}
{"method":"GET","path":"/categories","status":200}
{"method":"GET","path":"/products?page=1&pageSize=100","status":200}
{"method":"GET","path":"/products?page=2&pageSize=100","status":200}
{"method":"GET","path":"/profile","status":200}
{"method":"GET","path":"/profile","status":200}
{"method":"GET","path":"/profile","status":200}
{"method":"GET","path":"/profile","status":200}
{"method":"GET","path":"/categories","status":200}
{"method":"GET","path":"/products?page=1&pageSize=100","status":200}
{"method":"GET","path":"/products?page=2&pageSize=100","status":200}
{"method":"GET","path":"/profile","status":200}
Device-only fault proxy -> isolated API on8789
{"method":"GET","path":"/profile","status":401}
{"method":"POST","path":"/auth/refresh","status":200}
{"method":"GET","path":"/profile","status":200}
{"method":"GET","path":"/profile","status":200}
{"method":"GET","path":"/products?page=1&pageSize=100","status":200}
{"method":"GET","path":"/categories","status":200}
{"method":"GET","path":"/products?page=2&pageSize=100","status":200}
{"method":"GET","path":"/products?id=c35b36cd-ddaf-4a99-b029-e0f847138cca","status":200}
{"method":"GET","path":"/products?id=c34f7883-3475-44ed-9401-2065b7fc221b","status":200}
{"method":"GET","path":"/products?id=fe5578c3-db4d-4e07-b643-1be4ce2b482d","status":200}
{"method":"GET","path":"/profile","status":200}
{"method":"POST","path":"/orders/quote","status":409}
{"method":"POST","path":"/orders/quote","status":200}
{"method":"POST","path":"/orders","status":503,"outcome":"injected503; upstream not called"}
{"method":"POST","path":"/orders","outcome":"injected timeout; upstream not called"}
{"method":"POST","path":"/orders","status":201}
{"method":"GET","path":"/orders/9e9e6d78-4ec0-435d-8c5d-d181506241bb","status":200}
{"method":"GET","path":"/profile","status":200}
{"method":"POST","path":"/auth/logout","status":200}
{"method":"POST","path":"/auth/login","status":200}
{"method":"GET","path":"/profile","status":200}
{"method":"GET","path":"/service-requests","status":200}
{"method":"GET","path":"/categories","status":200}
{"method":"GET","path":"/products?page=1&pageSize=100","status":200}
{"method":"GET","path":"/plumber/dashboard","status":200}
{"method":"GET","path":"/products?page=2&pageSize=100","status":200}
{"method":"GET","path":"/service-requests","status":200}
{"method":"GET","path":"/plumber/dashboard","status":200}
{"method":"GET","path":"/service-requests","status":200}
{"method":"GET","path":"/plumber/dashboard","status":200}
{"method":"GET","path":"/service-requests","status":200}
{"method":"GET","path":"/plumber/dashboard","status":200}
{"method":"GET","path":"/service-requests","status":200}
{"method":"GET","path":"/plumber/dashboard","status":200}
{"method":"GET","path":"/categories","status":200}
{"method":"GET","path":"/products?page=1&pageSize=100","status":200}
{"method":"GET","path":"/profile","status":200}
{"method":"GET","path":"/products?page=2&pageSize=100","status":200}
{"method":"GET","path":"/plumber/loyalty/transactions","status":200}
{"method":"GET","path":"/plumber/loyalty/transactions","status":200}
{"method":"GET","path":"/service-requests","status":200}
{"method":"GET","path":"/plumber/dashboard","status":200}
{"method":"GET","path":"/service-requests","status":200}
{"method":"GET","path":"/plumber/dashboard","status":200}
{"method":"GET","path":"/service-requests","status":200}
{"method":"GET","path":"/plumber/dashboard","status":200}
{"method":"GET","path":"/profile","status":200}
{"method":"GET","path":"/plumber/dashboard","status":200}
{"method":"GET","path":"/plumber/loyalty/transactions","status":200}
{"method":"GET","path":"/plumber/loyalty/transactions","status":200}
{"method":"GET","path":"/plumber/dashboard","status":200}
{"method":"GET","path":"/plumber/dashboard","status":200}
{"method":"GET","path":"/plumber/dashboard","status":200}
{"method":"GET","path":"/plumber/qr","status":200}
{"method":"GET","path":"/plumber/dashboard","status":200}
{"method":"GET","path":"/plumber/dashboard","status":200}
{"method":"GET","path":"/profile","status":200}
{"method":"GET","path":"/plumber/dashboard","status":200}
{"method":"GET","path":"/plumber/dashboard","status":200}
{"method":"GET","path":"/plumber/dashboard","status":200}
{"method":"POST","path":"/auth/logout","status":200}
{"method":"POST","path":"/auth/login","status":200}
{"method":"GET","path":"/service-requests","status":200}
{"method":"GET","path":"/service-requests","status":200}
{"method":"GET","path":"/service-requests","status":200}
{"method":"GET","path":"/plumber/loyalty/transactions?limit=30","status":200}
{"method":"GET","path":"/profile","status":200}
{"method":"GET","path":"/plumber/loyalty/transactions?limit=30&status=spent","status":200}
{"method":"GET","path":"/plumber/loyalty/transactions?limit=30&cursor=eyJ0aW1lIjoiMjAyNi0wOS0yMSAxNzo0MzowMi43NDg3NDUrMDYiLCJpZCI6IjZhNTIwYzU4LTNmMWItNDE2ZC1iNzQzLWIxYTQ3MWEzMTJmZCJ9","status":200}
{"method":"GET","path":"/plumber/rewards","status":200}
{"method":"GET","path":"/plumber/dashboard","status":200}
{"method":"GET","path":"/profile","status":200}
{"method":"POST","path":"/auth/logout","status":200}
{"method":"GET","path":"/products?id=fe5578c3-db4d-4e07-b643-1be4ce2b482d","status":200}
{"method":"POST","path":"/auth/login","status":200}
{"method":"GET","path":"/profile","status":200}
{"method":"GET","path":"/profile","status":200}
{"method":"GET","path":"/products?id=fe5578c3-db4d-4e07-b643-1be4ce2b482d","status":200}
{"method":"GET","path":"/orders","status":200}
{"method":"GET","path":"/orders","status":200}
{"method":"GET","path":"/orders","status":200}
{"method":"GET","path":"/profile","status":200}
{"method":"GET","path":"/categories","status":200}
{"method":"GET","path":"/products?page=1&pageSize=100","status":200}
{"method":"GET","path":"/products?page=2&pageSize=100","status":200}
{"method":"GET","path":"/profile","status":200}
{"method":"GET","path":"/profile","status":200}
{"method":"GET","path":"/categories","status":200}
{"method":"GET","path":"/products?page=1&pageSize=100","status":200}
{"method":"GET","path":"/products?page=2&pageSize=100","status":200}
{"method":"GET","path":"/profile","status":200}
{"method":"GET","path":"/profile","status":200}
{"method":"GET","path":"/categories","status":200}
{"method":"GET","path":"/products?page=1&pageSize=100","status":200}
{"method":"GET","path":"/products?page=2&pageSize=100","status":200}
{"method":"GET","path":"/orders","status":200}
{"method":"GET","path":"/profile","status":200}
{"method":"GET","path":"/orders","status":200}
{"method":"GET","path":"/orders","status":200}
{"method":"GET","path":"/orders","status":200}
{"method":"GET","path":"/orders","status":200}
{"method":"GET","path":"/profile","status":200}
{"method":"GET","path":"/profile","status":200}
{"method":"GET","path":"/profile","status":200}
{"method":"POST","path":"/auth/logout","status":200}
{"method":"GET","path":"/public/documents","status":200}
{"method":"POST","path":"/auth/login","status":200}
{"method":"GET","path":"/profile","status":200}
{"method":"GET","path":"/categories","status":200}
{"method":"GET","path":"/products?page=1&pageSize=100","status":200}
{"method":"GET","path":"/categories","status":200}
{"method":"GET","path":"/products?page=1&pageSize=100","status":200}
{"method":"GET","path":"/products?page=2&pageSize=100","status":200}
{"method":"GET","path":"/products?page=2&pageSize=100","status":200}
{"method":"GET","path":"/profile","status":200}
{"method":"GET","path":"/profile","status":200}
{"method":"GET","path":"/profile","status":200}
{"method":"GET","path":"/profile","status":200}
{"method":"GET","path":"/profile","status":401}
{"method":"GET","path":"/profile","status":401}
{"method":"POST","path":"/auth/refresh","status":200}
{"method":"GET","path":"/profile","status":200}
{"method":"GET","path":"/profile","status":200}
{"method":"GET","path":"/categories","status":200}
{"method":"GET","path":"/products?page=1&pageSize=40&categoryId=all-products&sort=recommended","status":200}
{"method":"GET","path":"/profile","status":200}
{"method":"GET","path":"/products?id=cmq9cf7kn0001kz04lcw9os2s","status":200}
{"method":"GET","path":"/products?page=1&pageSize=15&sort=recommended","status":200}
{"method":"GET","path":"/categories","status":200}
{"method":"GET","path":"/products?page=1&pageSize=40&categoryId=all-products&sort=recommended","status":200}
{"method":"GET","path":"/categories","status":200}
{"method":"GET","path":"/profile","status":200}
{"method":"GET","path":"/categories","status":200}
{"method":"GET","path":"/products?page=1&pageSize=40&categoryId=all-products&sort=recommended","status":200}
{"method":"GET","path":"/profile","status":200}
{"method":"GET","path":"/categories","status":200}
{"method":"GET","path":"/products?page=1&pageSize=40&categoryId=all-products&sort=recommended","status":200}
{"method":"GET","path":"/profile","status":200}
{"method":"GET","path":"/profile","status":200}
{"method":"GET","path":"/products?page=1&pageSize=40&categoryId=all-products&sort=recommended","status":200}
{"method":"GET","path":"/categories","status":200}
{"method":"GET","path":"/profile","status":200}
{"method":"GET","path":"/products?page=1&pageSize=40&categoryId=all-products&sort=recommended","status":200}
{"method":"GET","path":"/categories","status":200}
{"method":"GET","path":"/profile","status":401}
{"method":"POST","path":"/auth/refresh","status":200}
{"method":"GET","path":"/profile","status":200}
{"method":"GET","path":"/profile","status":200}
{"method":"GET","path":"/profile","status":200}
{"method":"POST","path":"/orders/quote","status":401}
{"method":"POST","path":"/auth/refresh","status":200}
{"method":"POST","path":"/orders/quote","status":200}
{"method":"POST","path":"/orders","status":201}
{"method":"GET","path":"/orders/77c6e894-9854-4162-af43-0ef931979a9f","status":200}
{"method":"GET","path":"/orders/77c6e894-9854-4162-af43-0ef931979a9f","status":200}
{"method":"GET","path":"/orders/77c6e894-9854-4162-af43-0ef931979a9f","status":200}
