{
  "status": "PASS",
  "transport": "ISOLATED ADAPTER; no real Telegram messages or webhook changes",
  "checks": [
    "health requires successful webhook registration",
    "HTTP creates order before Telegram transport completes",
    "guest denied /admin/orders",
    "customer denied /admin/orders",
    "guest denied /admin/orders/:id",
    "customer denied /admin/orders/:id",
    "admin sees same saved order, trusted total and customer contact",
    "admin response does not expose Telegram message routing",
    "admin unknown order is404",
    "invalid admin pagination limit=0",
    "invalid admin pagination limit=-1",
    "invalid admin pagination limit=1.5",
    "invalid admin pagination limit=101",
    "invalid admin pagination cursor=not-an-id",
    "delivery immediately wakes durable queue and persists message ID",
    "message contains trusted escaped product and initial status buttons",
    "20 order retries produce one order and one successful notification",
    "invalid webhook secret denied",
    "ordinary Telegram group member cannot change order",
    "foreign chat cannot change order",
    "wrong message cannot change order",
    "invalid status button rejected",
    "verified chat administrator can confirm",
    "admin order API sees Telegram status",
    "mobile order API sees Telegram status",
    "20 repeated callbacks acknowledge unchanged Telegram edits without500",
    "repeated callback adds no audit events",
    "invalid forward transition rejected",
    "Telegram transition assembling",
    "Telegram transition ready_for_pickup",
    "Telegram transition completed",
    "completion consumes inventory once",
    "worker never claims another organization",
    "admin cannot read foreign organization",
    "client organization cannot switch admin list context",
    "foreign organization cursor cannot enumerate orders",
    "callback cannot switch organization even in same chat",
    "transport failure keeps accepted order and schedules retry",
    "retry delivers existing order after transport recovers",
    "admin keyset pagination includes all own orders without duplicates",
    "admin list exposes notification delivery status",
    "revoked admin token cannot list orders",
    "revoked admin token cannot read order",
    "failed webhook registration cannot report healthy"
  ],
  "appServerSha256": "189aca0151fab7be9183837d3596cfd166c8cf39fdc67054a43476fc8b12809a"
}
