Downloading https://services.gradle.org/distributions/gradle-8.14.3-bin.zip
.............10%.............20%.............30%.............40%.............50%.............60%.............70%.............80%.............90%..............100%

Welcome to Gradle 8.14.3!

Here are the highlights of this release:
 - Java 24 support
 - GraalVM Native Image toolchain selection
 - Enhancements to test reporting
 - Build Authoring improvements

For more details see https://docs.gradle.org/8.14.3/release-notes.html

To honour the JVM settings for this build a single-use Daemon process will be forked. For more on this, please refer to https://docs.gradle.org/8.14.3/userguide/gradle_daemon.html#sec:disabling_the_daemon in the Gradle documentation.
Daemon will be stopped at the end of the build 

> Configure project :expo-gradle-plugin:expo-autolinking-plugin
w: file:///private/tmp/avantehnik-remediation-20260918/node_modules/expo-modules-autolinking/android/expo-gradle-plugin/expo-autolinking-plugin/build.gradle.kts:25:3: 'kotlinOptions(KotlinJvmOptionsDeprecated /* = KotlinJvmOptions */.() -> Unit): Unit' is deprecated. Please migrate to the compilerOptions DSL. More details are here: https://kotl.in/u1r8ln

> Configure project :expo-gradle-plugin:expo-autolinking-settings-plugin
w: file:///private/tmp/avantehnik-remediation-20260918/node_modules/expo-modules-autolinking/android/expo-gradle-plugin/expo-autolinking-settings-plugin/build.gradle.kts:30:3: 'kotlinOptions(KotlinJvmOptionsDeprecated /* = KotlinJvmOptions */.() -> Unit): Unit' is deprecated. Please migrate to the compilerOptions DSL. More details are here: https://kotl.in/u1r8ln

> Task :expo-gradle-plugin:expo-autolinking-plugin-shared:checkKotlinGradlePluginConfigurationErrors SKIPPED
> Task :gradle-plugin:settings-plugin:checkKotlinGradlePluginConfigurationErrors SKIPPED
> Task :gradle-plugin:shared:checkKotlinGradlePluginConfigurationErrors SKIPPED
> Task :expo-gradle-plugin:expo-autolinking-settings-plugin:checkKotlinGradlePluginConfigurationErrors SKIPPED
> Task :expo-gradle-plugin:expo-autolinking-settings-plugin:pluginDescriptors
> Task :expo-gradle-plugin:expo-autolinking-settings-plugin:processResources
> Task :gradle-plugin:settings-plugin:pluginDescriptors
> Task :gradle-plugin:settings-plugin:processResources
> Task :expo-gradle-plugin:expo-autolinking-plugin-shared:processResources NO-SOURCE
> Task :gradle-plugin:shared:processResources NO-SOURCE
> Task :gradle-plugin:shared:compileKotlin
> Task :gradle-plugin:shared:compileJava NO-SOURCE
> Task :gradle-plugin:shared:classes UP-TO-DATE
> Task :gradle-plugin:shared:jar
> Task :expo-gradle-plugin:expo-autolinking-plugin-shared:compileKotlin
> Task :expo-gradle-plugin:expo-autolinking-plugin-shared:compileJava NO-SOURCE
> Task :expo-gradle-plugin:expo-autolinking-plugin-shared:classes UP-TO-DATE
> Task :expo-gradle-plugin:expo-autolinking-plugin-shared:jar
> Task :gradle-plugin:settings-plugin:compileKotlin
> Task :gradle-plugin:settings-plugin:compileJava NO-SOURCE
> Task :gradle-plugin:settings-plugin:classes
> Task :gradle-plugin:settings-plugin:jar
> Task :expo-gradle-plugin:expo-autolinking-settings-plugin:compileKotlin
> Task :expo-gradle-plugin:expo-autolinking-settings-plugin:compileJava NO-SOURCE
> Task :expo-gradle-plugin:expo-autolinking-settings-plugin:classes
> Task :expo-gradle-plugin:expo-autolinking-settings-plugin:jar

> Configure project :expo-module-gradle-plugin
w: file:///private/tmp/avantehnik-remediation-20260918/node_modules/expo-modules-core/expo-module-gradle-plugin/build.gradle.kts:58:3: 'kotlinOptions(KotlinJvmOptionsDeprecated /* = KotlinJvmOptions */.() -> Unit): Unit' is deprecated. Please migrate to the compilerOptions DSL. More details are here: https://kotl.in/u1r8ln

> Task :expo-gradle-plugin:expo-autolinking-plugin:checkKotlinGradlePluginConfigurationErrors SKIPPED
> Task :expo-module-gradle-plugin:checkKotlinGradlePluginConfigurationErrors SKIPPED
> Task :expo-module-gradle-plugin:pluginDescriptors
> Task :expo-module-gradle-plugin:processResources
> Task :gradle-plugin:react-native-gradle-plugin:checkKotlinGradlePluginConfigurationErrors SKIPPED
> Task :expo-gradle-plugin:expo-autolinking-plugin:compileKotlin
> Task :expo-gradle-plugin:expo-autolinking-plugin:compileJava NO-SOURCE
> Task :expo-gradle-plugin:expo-autolinking-plugin:pluginDescriptors
> Task :expo-gradle-plugin:expo-autolinking-plugin:processResources
> Task :expo-gradle-plugin:expo-autolinking-plugin:classes
> Task :expo-gradle-plugin:expo-autolinking-plugin:jar
> Task :gradle-plugin:react-native-gradle-plugin:pluginDescriptors
> Task :gradle-plugin:react-native-gradle-plugin:processResources
> Task :gradle-plugin:react-native-gradle-plugin:compileKotlin
> Task :gradle-plugin:react-native-gradle-plugin:compileJava NO-SOURCE
> Task :gradle-plugin:react-native-gradle-plugin:classes
> Task :gradle-plugin:react-native-gradle-plugin:jar

> Task :expo-module-gradle-plugin:compileKotlin
w: file:///private/tmp/avantehnik-remediation-20260918/node_modules/expo-modules-core/expo-module-gradle-plugin/src/main/kotlin/expo/modules/plugin/android/AndroidLibraryExtension.kt:9:24 'var targetSdk: Int?' is deprecated. Will be removed from library DSL in v9.0. Use testOptions.targetSdk or/and lint.targetSdk instead.

> Task :expo-module-gradle-plugin:compileJava NO-SOURCE
> Task :expo-module-gradle-plugin:classes
> Task :expo-module-gradle-plugin:jar

> Configure project :
[32m[ExpoRootProject][0m Using the following versions:
  - buildTools:  [32m36.0.0[0m
  - minSdk:      [32m24[0m
  - compileSdk:  [32m36[0m
  - targetSdk:   [32m36[0m
  - ndk:         [32m27.1.12297006[0m
  - kotlin:      [32m2.1.20[0m
  - ksp:         [32m2.1.20-2.0.1[0m

> Configure project :app
This version only understands SDK XML versions up to 3 but an SDK XML file of version 4 was encountered. This can happen if you use versions of Android Studio and the command-line tools that were released at different times.
Checking the license for package NDK (Side by side) 27.1.12297006 in /private/tmp/avantehnik-android-tools/sdk/licenses
License for package NDK (Side by side) 27.1.12297006 accepted.
Preparing "Install NDK (Side by side) 27.1.12297006 v.27.1.12297006".
"Install NDK (Side by side) 27.1.12297006 v.27.1.12297006" ready.
Installing NDK (Side by side) 27.1.12297006 in /private/tmp/avantehnik-android-tools/sdk/ndk/27.1.12297006
"Install NDK (Side by side) 27.1.12297006 v.27.1.12297006" complete.
"Install NDK (Side by side) 27.1.12297006 v.27.1.12297006" finished.

> Configure project :expo

Using expo modules
  - [32mexpo-constants[0m (18.0.14)
  - [32mexpo-modules-core[0m (3.0.30)
  - [33m[📦][0m [32mexpo-asset[0m (12.0.13)
  - [33m[📦][0m [32mexpo-brightness[0m (14.0.8)
  - [33m[📦][0m [32mexpo-file-system[0m (19.0.24)
  - [33m[📦][0m [32mexpo-font[0m (14.0.12)
  - [33m[📦][0m [32mexpo-image-loader[0m (6.0.0)
  - [33m[📦][0m [32mexpo-image-picker[0m (17.0.11)
  - [33m[📦][0m [32mexpo-keep-awake[0m (15.0.8)
  - [33m[📦][0m [32mexpo-linking[0m (8.0.12)
  - [33m[📦][0m [32mexpo-secure-store[0m (15.0.8)
  - [33m[📦][0m [32mexpo-system-ui[0m (6.0.9)

Checking the license for package Android SDK Build-Tools 35 in /private/tmp/avantehnik-android-tools/sdk/licenses
License for package Android SDK Build-Tools 35 accepted.
Preparing "Install Android SDK Build-Tools 35 v.35.0.0".
"Install Android SDK Build-Tools 35 v.35.0.0" ready.
Installing Android SDK Build-Tools 35 in /private/tmp/avantehnik-android-tools/sdk/build-tools/35.0.0
"Install Android SDK Build-Tools 35 v.35.0.0" complete.
"Install Android SDK Build-Tools 35 v.35.0.0" finished.

> Task :app:generateAutolinkingNewArchitectureFiles
> Task :app:generateAutolinkingPackageList
> Task :app:generateCodegenSchemaFromJavaScript SKIPPED
> Task :app:generateCodegenArtifactsFromSchema SKIPPED
> Task :app:generateReactNativeEntryPoint
> Task :expo:generatePackagesList
> Task :expo:preBuild
> Task :expo-modules-core:preBuild UP-TO-DATE
> Task :expo-constants:createExpoConfig
> Task :expo-constants:preBuild
> Task :react-native-async-storage_async-storage:generateCodegenSchemaFromJavaScript
> Task :react-native-safe-area-context:generateCodegenSchemaFromJavaScript
> Task :react-native-async-storage_async-storage:generateCodegenArtifactsFromSchema
> Task :react-native-async-storage_async-storage:preBuild
> Task :react-native-safe-area-context:generateCodegenArtifactsFromSchema
> Task :react-native-safe-area-context:preBuild
> Task :react-native-screens:generateCodegenSchemaFromJavaScript
> Task :react-native-svg:generateCodegenSchemaFromJavaScript
> Task :react-native-screens:generateCodegenArtifactsFromSchema
> Task :react-native-screens:preBuild
> Task :react-native-svg:generateCodegenArtifactsFromSchema
> Task :react-native-svg:preBuild
> Task :expo:preReleaseBuild
> Task :react-native-webview:generateCodegenSchemaFromJavaScript
> Task :expo:mergeReleaseJniLibFolders
> Task :expo:mergeReleaseNativeLibs NO-SOURCE
> Task :expo:copyReleaseJniLibsProjectOnly
> Task :expo-constants:preReleaseBuild
> Task :expo-constants:mergeReleaseJniLibFolders
> Task :expo-constants:mergeReleaseNativeLibs NO-SOURCE
> Task :expo-constants:copyReleaseJniLibsProjectOnly
> Task :expo-modules-core:preReleaseBuild UP-TO-DATE
> Task :react-native-webview:generateCodegenArtifactsFromSchema
> Task :react-native-webview:preBuild
> Task :app:preBuild
> Task :app:preReleaseBuild

> Task :expo-modules-core:configureCMakeRelWithDebInfo[arm64-v8a]
Checking the license for package CMake 3.22.1 in /private/tmp/avantehnik-android-tools/sdk/licenses
License for package CMake 3.22.1 accepted.
Preparing "Install CMake 3.22.1 v.3.22.1".
"Install CMake 3.22.1 v.3.22.1" ready.
Installing CMake 3.22.1 in /private/tmp/avantehnik-android-tools/sdk/cmake/3.22.1
"Install CMake 3.22.1 v.3.22.1" complete.
"Install CMake 3.22.1 v.3.22.1" finished.

> Task :app:configureCMakeRelWithDebInfo[arm64-v8a]
> Task :expo-modules-core:buildCMakeRelWithDebInfo[arm64-v8a] FAILED
> Task :app:buildCMakeRelWithDebInfo[arm64-v8a]

[Incubating] Problems report is available at: file:///private/tmp/avantehnik-remediation-20260918/android/build/reports/problems/problems-report.html

FAILURE: Build failed with an exception.

* What went wrong:
Execution failed for task ':expo-modules-core:buildCMakeRelWithDebInfo[arm64-v8a]'.
> com.android.ide.common.process.ProcessException: ninja: Entering directory `/private/tmp/avantehnik-remediation-20260918/node_modules/expo-modules-core/android/.cxx/RelWithDebInfo/1t1j7273/arm64-v8a'
  [1/49] Building CXX object CMakeFiles/expo-modules-core.dir/cmake_pch.hxx.pch
  [2/49] Building CXX object src/fabric/CMakeFiles/fabric.dir/cmake_pch.hxx.pch
  [3/49] Building CXX object CMakeFiles/expo-modules-core.dir/tmp/avantehnik-remediation-20260918/node_modules/expo-modules-core/common/cpp/SharedRef.cpp.o
  [4/49] Building CXX object CMakeFiles/expo-modules-core.dir/tmp/avantehnik-remediation-20260918/node_modules/expo-modules-core/common/cpp/NativeModule.cpp.o
  [5/49] Building CXX object CMakeFiles/expo-modules-core.dir/tmp/avantehnik-remediation-20260918/node_modules/expo-modules-core/common/cpp/ObjectDeallocator.cpp.o
  [6/49] Building CXX object CMakeFiles/expo-modules-core.dir/tmp/avantehnik-remediation-20260918/node_modules/expo-modules-core/common/cpp/LazyObject.cpp.o
  [7/49] Building CXX object CMakeFiles/expo-modules-core.dir/src/main/cpp/JNIFunctionBody.cpp.o
  [8/49] Building CXX object CMakeFiles/expo-modules-core.dir/src/main/cpp/JNIDeallocator.cpp.o
  [9/49] Building CXX object CMakeFiles/expo-modules-core.dir/src/main/cpp/JSharedObject.cpp.o
  [10/49] Building CXX object CMakeFiles/expo-modules-core.dir/tmp/avantehnik-remediation-20260918/node_modules/expo-modules-core/common/cpp/TypedArray.cpp.o
  [11/49] Building CXX object CMakeFiles/expo-modules-core.dir/tmp/avantehnik-remediation-20260918/node_modules/expo-modules-core/common/cpp/SharedObject.cpp.o
  [12/49] Building CXX object CMakeFiles/expo-modules-core.dir/src/main/cpp/JNIInjector.cpp.o
  [13/49] Building CXX object CMakeFiles/expo-modules-core.dir/src/main/cpp/JavaReferencesCache.cpp.o
  [14/49] Building CXX object CMakeFiles/expo-modules-core.dir/src/main/cpp/Exceptions.cpp.o
  [15/49] Building CXX object CMakeFiles/expo-modules-core.dir/src/main/cpp/JSReferencesCache.cpp.o
  [16/49] Building CXX object CMakeFiles/expo-modules-core.dir/tmp/avantehnik-remediation-20260918/node_modules/expo-modules-core/common/cpp/JSIUtils.cpp.o
  [17/49] Building CXX object CMakeFiles/expo-modules-core.dir/src/main/cpp/ExpoModulesHostObject.cpp.o
  FAILED: CMakeFiles/expo-modules-core.dir/src/main/cpp/ExpoModulesHostObject.cpp.o 
  /tmp/avantehnik-android-tools/sdk/ndk/27.1.12297006/toolchains/llvm/prebuilt/darwin-x86_64/bin/clang++ --target=aarch64-none-linux-android24 --sysroot=/tmp/avantehnik-android-tools/sdk/ndk/27.1.12297006/toolchains/llvm/prebuilt/darwin-x86_64/sysroot -Dexpo_modules_core_EXPORTS -I/private/tmp/avantehnik-gradle-cache/caches/8.14.3/transforms/145780e1d71abfdd0f73b65783049973/transformed/react-android-0.81.5-release/prefab/modules/reactnative/include/react -I/private/tmp/avantehnik-remediation-20260918/node_modules/react-native/ReactAndroid/src/main/jni/react/turbomodule -I/tmp/avantehnik-remediation-20260918/node_modules/expo-modules-core/android/../common/cpp -I/tmp/avantehnik-remediation-20260918/node_modules/expo-modules-core/android/src/fabric -isystem /private/tmp/avantehnik-gradle-cache/caches/8.14.3/transforms/c4ed38aee617328a15ca67287b31027e/transformed/fbjni-0.7.0/prefab/modules/fbjni/include -isystem /private/tmp/avantehnik-gradle-cache/caches/8.14.3/transforms/145780e1d71abfdd0f73b65783049973/transformed/react-android-0.81.5-release/prefab/modules/jsi/include -isystem /private/tmp/avantehnik-gradle-cache/caches/8.14.3/transforms/145780e1d71abfdd0f73b65783049973/transformed/react-android-0.81.5-release/prefab/modules/reactnative/include -g -DANDROID -fdata-sections -ffunction-sections -funwind-tables -fstack-protector-strong -no-canonical-prefixes -D__BIONIC_NO_PAGE_SIZE_MACRO -D_FORTIFY_SOURCE=2 -Wformat -Werror=format-security   -DREACT_NATIVE_TARGET_VERSION=81 -O2 -g -DNDEBUG -fPIC -DFOLLY_NO_CONFIG=1 -DFOLLY_HAVE_CLOCK_GETTIME=1 -DFOLLY_USE_LIBCPP=1 -DFOLLY_CFG_NO_COROUTINES=1 -DFOLLY_MOBILE=1 -DFOLLY_HAVE_RECVMMSG=1 -DFOLLY_HAVE_PTHREAD=1 -DFOLLY_HAVE_XSI_STRERROR_R=1 -O2 -frtti -fexceptions -Wall -fstack-protector-all -DUSE_HERMES=0 -DUNIT_TEST=0 -DIS_NEW_ARCHITECTURE_ENABLED=1 -DRN_FABRIC_ENABLED=1 -DRN_SERIALIZABLE_STATE=1 -std=gnu++20 -Winvalid-pch -Xclang -include-pch -Xclang /tmp/avantehnik-remediation-20260918/node_modules/expo-modules-core/android/.cxx/RelWithDebInfo/1t1j7273/arm64-v8a/CMakeFiles/expo-modules-core.dir/cmake_pch.hxx.pch -Xclang -include -Xclang /tmp/avantehnik-remediation-20260918/node_modules/expo-modules-core/android/.cxx/RelWithDebInfo/1t1j7273/arm64-v8a/CMakeFiles/expo-modules-core.dir/cmake_pch.hxx -MD -MT CMakeFiles/expo-modules-core.dir/src/main/cpp/ExpoModulesHostObject.cpp.o -MF CMakeFiles/expo-modules-core.dir/src/main/cpp/ExpoModulesHostObject.cpp.o.d -o CMakeFiles/expo-modules-core.dir/src/main/cpp/ExpoModulesHostObject.cpp.o -c /tmp/avantehnik-remediation-20260918/node_modules/expo-modules-core/android/src/main/cpp/ExpoModulesHostObject.cpp
  fatal error: error in backend: IO failure on output stream: No space left on device
  PLEASE submit a bug report to https://github.com/android-ndk/ndk/issues and include the crash backtrace, preprocessed source, and associated run script.
  Stack dump:
  0.	Program arguments: /tmp/avantehnik-android-tools/sdk/ndk/27.1.12297006/toolchains/llvm/prebuilt/darwin-x86_64/bin/clang++ --target=aarch64-none-linux-android24 --sysroot=/tmp/avantehnik-android-tools/sdk/ndk/27.1.12297006/toolchains/llvm/prebuilt/darwin-x86_64/sysroot -Dexpo_modules_core_EXPORTS -I/private/tmp/avantehnik-gradle-cache/caches/8.14.3/transforms/145780e1d71abfdd0f73b65783049973/transformed/react-android-0.81.5-release/prefab/modules/reactnative/include/react -I/private/tmp/avantehnik-remediation-20260918/node_modules/react-native/ReactAndroid/src/main/jni/react/turbomodule -I/tmp/avantehnik-remediation-20260918/node_modules/expo-modules-core/android/../common/cpp -I/tmp/avantehnik-remediation-20260918/node_modules/expo-modules-core/android/src/fabric -isystem /private/tmp/avantehnik-gradle-cache/caches/8.14.3/transforms/c4ed38aee617328a15ca67287b31027e/transformed/fbjni-0.7.0/prefab/modules/fbjni/include -isystem /private/tmp/avantehnik-gradle-cache/caches/8.14.3/transforms/145780e1d71abfdd0f73b65783049973/transformed/react-android-0.81.5-release/prefab/modules/jsi/include -isystem /private/tmp/avantehnik-gradle-cache/caches/8.14.3/transforms/145780e1d71abfdd0f73b65783049973/transformed/react-android-0.81.5-release/prefab/modules/reactnative/include -g -DANDROID -fdata-sections -ffunction-sections -funwind-tables -fstack-protector-strong -no-canonical-prefixes -D__BIONIC_NO_PAGE_SIZE_MACRO -D_FORTIFY_SOURCE=2 -Wformat -Werror=format-security -DREACT_NATIVE_TARGET_VERSION=81 -O2 -g -DNDEBUG -fPIC -DFOLLY_NO_CONFIG=1 -DFOLLY_HAVE_CLOCK_GETTIME=1 -DFOLLY_USE_LIBCPP=1 -DFOLLY_CFG_NO_COROUTINES=1 -DFOLLY_MOBILE=1 -DFOLLY_HAVE_RECVMMSG=1 -DFOLLY_HAVE_PTHREAD=1 -DFOLLY_HAVE_XSI_STRERROR_R=1 -O2 -frtti -fexceptions -Wall -fstack-protector-all -DUSE_HERMES=0 -DUNIT_TEST=0 -DIS_NEW_ARCHITECTURE_ENABLED=1 -DRN_FABRIC_ENABLED=1 -DRN_SERIALIZABLE_STATE=1 -std=gnu++20 -Winvalid-pch -Xclang -include-pch -Xclang /tmp/avantehnik-remediation-20260918/node_modules/expo-modules-core/android/.cxx/RelWithDebInfo/1t1j7273/arm64-v8a/CMakeFiles/expo-modules-core.dir/cmake_pch.hxx.pch -Xclang -include -Xclang /tmp/avantehnik-remediation-20260918/node_modules/expo-modules-core/android/.cxx/RelWithDebInfo/1t1j7273/arm64-v8a/CMakeFiles/expo-modules-core.dir/cmake_pch.hxx -MD -MT CMakeFiles/expo-modules-core.dir/src/main/cpp/ExpoModulesHostObject.cpp.o -MF CMakeFiles/expo-modules-core.dir/src/main/cpp/ExpoModulesHostObject.cpp.o.d -o CMakeFiles/expo-modules-core.dir/src/main/cpp/ExpoModulesHostObject.cpp.o -c /tmp/avantehnik-remediation-20260918/node_modules/expo-modules-core/android/src/main/cpp/ExpoModulesHostObject.cpp
  1.	<eof> parser at end of file
   #0 0x00000001034c9e40 (/private/tmp/avantehnik-android-tools/sdk/ndk/27.1.12297006/toolchains/llvm/prebuilt/darwin-x86_64/bin/clang-18+0x1013ade40)
   #1 0x00000001034c8728 (/private/tmp/avantehnik-android-tools/sdk/ndk/27.1.12297006/toolchains/llvm/prebuilt/darwin-x86_64/bin/clang-18+0x1013ac728)
   #2 0x0000000103455d0c (/private/tmp/avantehnik-android-tools/sdk/ndk/27.1.12297006/toolchains/llvm/prebuilt/darwin-x86_64/bin/clang-18+0x101339d0c)
   #3 0x0000000103455cbc (/private/tmp/avantehnik-android-tools/sdk/ndk/27.1.12297006/toolchains/llvm/prebuilt/darwin-x86_64/bin/clang-18+0x101339cbc)
   #4 0x00000001034c63f4 (/private/tmp/avantehnik-android-tools/sdk/ndk/27.1.12297006/toolchains/llvm/prebuilt/darwin-x86_64/bin/clang-18+0x1013aa3f4)
   #5 0x0000000102125be4 (/private/tmp/avantehnik-android-tools/sdk/ndk/27.1.12297006/toolchains/llvm/prebuilt/darwin-x86_64/bin/clang-18+0x100009be4)
   #6 0x000000010345c208 (/private/tmp/avantehnik-android-tools/sdk/ndk/27.1.12297006/toolchains/llvm/prebuilt/darwin-x86_64/bin/clang-18+0x101340208)
   #7 0x00000001034b4db8 (/private/tmp/avantehnik-android-tools/sdk/ndk/27.1.12297006/toolchains/llvm/prebuilt/darwin-x86_64/bin/clang-18+0x101398db8)
   #8 0x00000001034b4dd0 (/private/tmp/avantehnik-android-tools/sdk/ndk/27.1.12297006/toolchains/llvm/prebuilt/darwin-x86_64/bin/clang-18+0x101398dd0)
   #9 0x00000001037967c0 (/private/tmp/avantehnik-android-tools/sdk/ndk/27.1.12297006/toolchains/llvm/prebuilt/darwin-x86_64/bin/clang-18+0x10167a7c0)
  #10 0x00000001039f6e5c (/private/tmp/avantehnik-android-tools/sdk/ndk/27.1.12297006/toolchains/llvm/prebuilt/darwin-x86_64/bin/clang-18+0x1018dae5c)
  #11 0x00000001048904ec (/private/tmp/avantehnik-android-tools/sdk/ndk/27.1.12297006/toolchains/llvm/prebuilt/darwin-x86_64/bin/clang-18+0x1027744ec)
  #12 0x0000000103c31d90 (/private/tmp/avantehnik-android-tools/sdk/ndk/27.1.12297006/toolchains/llvm/prebuilt/darwin-x86_64/bin/clang-18+0x101b15d90)
  #13 0x0000000103bce16c (/private/tmp/avantehnik-android-tools/sdk/ndk/27.1.12297006/toolchains/llvm/prebuilt/darwin-x86_64/bin/clang-18+0x101ab216c)
  #14 0x0000000103c7f530 (/private/tmp/avantehnik-android-tools/sdk/ndk/27.1.12297006/toolchains/llvm/prebuilt/darwin-x86_64/bin/clang-18+0x101b63530)
  #15 0x000000010212535c (/private/tmp/avantehnik-android-tools/sdk/ndk/27.1.12297006/toolchains/llvm/prebuilt/darwin-x86_64/bin/clang-18+0x10000935c)
  #16 0x0000000102122844 (/private/tmp/avantehnik-android-tools/sdk/ndk/27.1.12297006/toolchains/llvm/prebuilt/darwin-x86_64/bin/clang-18+0x100006844)
  #17 0x0000000103ae3f18 (/private/tmp/avantehnik-android-tools/sdk/ndk/27.1.12297006/toolchains/llvm/prebuilt/darwin-x86_64/bin/clang-18+0x1019c7f18)
  #18 0x0000000103455ca0 (/private/tmp/avantehnik-android-tools/sdk/ndk/27.1.12297006/toolchains/llvm/prebuilt/darwin-x86_64/bin/clang-18+0x101339ca0)
  #19 0x0000000103ae35b4 (/private/tmp/avantehnik-android-tools/sdk/ndk/27.1.12297006/toolchains/llvm/prebuilt/darwin-x86_64/bin/clang-18+0x1019c75b4)
  #20 0x0000000103abf8fc (/private/tmp/avantehnik-android-tools/sdk/ndk/27.1.12297006/toolchains/llvm/prebuilt/darwin-x86_64/bin/clang-18+0x1019a38fc)
  #21 0x0000000103abfbc8 (/private/tmp/avantehnik-android-tools/sdk/ndk/27.1.12297006/toolchains/llvm/prebuilt/darwin-x86_64/bin/clang-18+0x1019a3bc8)
  #22 0x0000000103acf368 (/private/tmp/avantehnik-android-tools/sdk/ndk/27.1.12297006/toolchains/llvm/prebuilt/darwin-x86_64/bin/clang-18+0x1019b3368)
  #23 0x0000000102121758 (/private/tmp/avantehnik-android-tools/sdk/ndk/27.1.12297006/toolchains/llvm/prebuilt/darwin-x86_64/bin/clang-18+0x100005758)
  #24 0x000000010212da78 (/private/tmp/avantehnik-android-tools/sdk/ndk/27.1.12297006/toolchains/llvm/prebuilt/darwin-x86_64/bin/clang-18+0x100011a78)
  #25 0x0000000189ff1d54 
  [18/49] Building CXX object CMakeFiles/expo-modules-core.dir/src/main/cpp/JavaScriptModuleObject.cpp.o
  [19/49] Building CXX object CMakeFiles/expo-modules-core.dir/src/main/cpp/JavaScriptRuntime.cpp.o
  [20/49] Building CXX object CMakeFiles/expo-modules-core.dir/src/main/cpp/JavaScriptWeakObject.cpp.o
  [21/49] Building CXX object CMakeFiles/expo-modules-core.dir/src/main/cpp/JavaScriptFunction.cpp.o
  [22/49] Building CXX object CMakeFiles/expo-modules-core.dir/src/main/cpp/JavaScriptTypedArray.cpp.o
  [23/49] Building CXX object CMakeFiles/expo-modules-core.dir/tmp/avantehnik-remediation-20260918/node_modules/expo-modules-core/common/cpp/EventEmitter.cpp.o
  [24/49] Building CXX object CMakeFiles/expo-modules-core.dir/src/main/cpp/JavaScriptValue.cpp.o
  [25/49] Building CXX object CMakeFiles/expo-modules-core.dir/src/main/cpp/JNIUtils.cpp.o
  [26/49] Building CXX object CMakeFiles/expo-modules-core.dir/src/main/cpp/JavaScriptObject.cpp.o
  [27/49] Building CXX object CMakeFiles/expo-modules-core.dir/src/main/cpp/JSIContext.cpp.o
  [28/49] Building CXX object CMakeFiles/expo-modules-core.dir/src/main/cpp/JavaCallback.cpp.o
  ninja: build stopped: subcommand failed.
  
  C++ build system [build] failed while executing:
      /private/tmp/avantehnik-android-tools/sdk/cmake/3.22.1/bin/ninja \
        -C \
        /private/tmp/avantehnik-remediation-20260918/node_modules/expo-modules-core/android/.cxx/RelWithDebInfo/1t1j7273/arm64-v8a \
        expo-modules-core
    from /private/tmp/avantehnik-remediation-20260918/node_modules/expo-modules-core/android

* Try:
> Run with --stacktrace option to get the stack trace.
> Run with --info or --debug option to get more log output.
> Run with --scan to get full insights.
> Get more help at https://help.gradle.org.

Deprecated Gradle features were used in this build, making it incompatible with Gradle 9.0.

You can use '--warning-mode all' to show the individual deprecation warnings and determine if they come from your own scripts or plugins.

For more on this, please refer to https://docs.gradle.org/8.14.3/userguide/command_line_interface.html#sec:command_line_warnings in the Gradle documentation.

BUILD FAILED in 13m 30s
47 actionable tasks: 47 executed
