Starting Metro Bundler
warning: Bundler cache is empty, rebuilding (this may take a minute)
| (node:16857) Warning: The 'NO_COLOR' env is ignored due to the 'FORCE_COLOR' env being set.
| (Use `node --trace-warnings ...` to show where the warning was created)
| (node:16858) Warning: The 'NO_COLOR' env is ignored due to the 'FORCE_COLOR' env being set.
| (Use `node --trace-warnings ...` to show where the warning was created)
| (node:16861) Warning: The 'NO_COLOR' env is ignored due to the 'FORCE_COLOR' env being set.
| (Use `node --trace-warnings ...` to show where the warning was created)
| (node:16859) Warning: The 'NO_COLOR' env is ignored due to the 'FORCE_COLOR' env being set.
| (Use `node --trace-warnings ...` to show where the warning was created)
| (node:16860) Warning: The 'NO_COLOR' env is ignored due to the 'FORCE_COLOR' env being set.
| (Use `node --trace-warnings ...` to show where the warning was created)
| (node:16863) Warning: The 'NO_COLOR' env is ignored due to the 'FORCE_COLOR' env being set.
| (Use `node --trace-warnings ...` to show where the warning was created)
| (node:16862) Warning: The 'NO_COLOR' env is ignored due to the 'FORCE_COLOR' env being set.
| (Use `node --trace-warnings ...` to show where the warning was created)
Web node_modules/expo-router/entry.js ▓▓▓▓░░░░░░░░░░░░ 25.0% ( 88/272)
iOS node_modules/expo-router/entry.js ▓▓▓▓▓▓▓░░░░░░░░░ 49.9% (414/617)
Android node_modules/expo-router/entry.js ▓▓▓▓░░░░░░░░░░░░ 26.1% (260/509)
Web node_modules/expo-router/entry.js ▓▓▓▓▓▓▓▓▓░░░░░░░ 57.9% (440/578)
iOS node_modules/expo-router/entry.js ▓▓▓▓▓▓▓▓▓▓▓▓░░░░ 76.3% (767/878)
Android node_modules/expo-router/entry.js ▓▓▓▓▓▓▓▓▓▓▓░░░░░ 69.9% (728/871)
Web node_modules/expo-router/entry.js ▓▓▓▓▓▓▓▓▓▓▓▓▓▓░░ 90.7% (864/907)
iOS node_modules/expo-router/entry.js ▓▓▓▓▓▓▓▓▓▓▓▓▓▓░░ 93.5% (1263/1326)
Android node_modules/expo-router/entry.js ▓▓▓▓▓▓▓▓▓▓▓▓▓▓░░ 89.4% (1112/1212)
Web Bundled 10842ms node_modules/expo-router/entry.js (907 modules)
iOS Bundled 13097ms node_modules/expo-router/entry.js (1446 modules)
Android node_modules/expo-router/entry.js ▓▓▓▓▓▓▓▓▓▓▓▓▓▓▓░ 99.9% (1459/1459)
Android Bundled 14325ms node_modules/expo-router/entry.js (1459 modules)

› Assets (59):
node_modules/@expo/vector-icons/build/vendor/react-native-vector-icons/Fonts/Ionicons.b4eb097d35f44ed943676fd56f6bdc51.ttf (390 kB)
node_modules/@expo/vector-icons/build/vendor/react-native-vector-icons/Fonts/Ionicons.ttf (390 kB)
node_modules/@react-navigation/elements/lib/module/assets/back-icon-mask.0a328cd9c1afd0afe8e3b1ec5165b1b4.png (653 B)
node_modules/@react-navigation/elements/lib/module/assets/back-icon-mask.png (653 B)
node_modules/@react-navigation/elements/lib/module/assets/back-icon.35ba0eaec5a4f5ed12ca16fabeae451d.png (207 B)
node_modules/@react-navigation/elements/lib/module/assets/back-icon.png (8 variations | 359 B)
node_modules/@react-navigation/elements/lib/module/assets/clear-icon.c94f6478e7ae0cdd9f15de1fcb9e5e55.png (4 variations | 425 B)
node_modules/@react-navigation/elements/lib/module/assets/clear-icon.png (4 variations | 425 B)
node_modules/@react-navigation/elements/lib/module/assets/close-icon.808e1b1b9b53114ec2838071a7e6daa7.png (4 variations | 235 B)
node_modules/@react-navigation/elements/lib/module/assets/close-icon.png (4 variations | 235 B)
node_modules/@react-navigation/elements/lib/module/assets/search-icon.286d67d3f74808a60a78d3ebf1a5fb57.png (928 B)
node_modules/@react-navigation/elements/lib/module/assets/search-icon.png (7 variations | 592 B)
node_modules/expo-router/assets/arrow_down.017bc6ba3fc25503e5eb5e53826d48a8.png (9.46 kB)
node_modules/expo-router/assets/arrow_down.png (9.46 kB)
node_modules/expo-router/assets/error.d1ea1496f9057eb392d5bbf3732a61b7.png (469 B)
node_modules/expo-router/assets/error.png (469 B)
node_modules/expo-router/assets/file.19eeb73b9593a38f8e9f418337fc7d10.png (138 B)
node_modules/expo-router/assets/file.png (138 B)
node_modules/expo-router/assets/forward.d8b800c443b8972542883e0b9de2bdc6.png (188 B)
node_modules/expo-router/assets/forward.png (188 B)
node_modules/expo-router/assets/pkg.ab19f4cbc543357183a20571f68380a3.png (364 B)
node_modules/expo-router/assets/pkg.png (364 B)
node_modules/expo-router/assets/sitemap.412dd9275b6b48ad28f5e3d81bb1f626.png (465 B)
node_modules/expo-router/assets/sitemap.png (465 B)
node_modules/expo-router/assets/unmatched.20e71bdf79e3a97bf55fd9e164041578.png (4.75 kB)
node_modules/expo-router/assets/unmatched.png (4.75 kB)
src/imports/avant-icon.ff93474276a330363424ad750d8d3761.png (466 kB)
src/imports/avant-icon.png (466 kB)
src/imports/avant-logo.cb1d82c80a5a1ef2a9bd47055e07387b.png (153 kB)
src/imports/avant-logo.png (153 kB)
src/imports/image-1.e804f42576ae64ac37e1954c8e8c4763.png (75.5 kB)
src/imports/image-1.png (75.5 kB)
src/imports/image.d1f3d3751bf04a0f9e29c001cadc3579.png (73.7 kB)
src/imports/image.png (73.7 kB)

› web bundles (1):
_expo/static/js/web/entry-74a8f4edc9cc1ca47d20d3ede4514db7.js (1.64 MB)

› ios bundles (1):
_expo/static/js/ios/entry-6fdeaa521117cb83ebbdb669605ae572.hbc (4.11 MB)

› android bundles (1):
_expo/static/js/android/entry-0a3a5cf4c518938871ab48a4c8c98a4e.hbc (4.1 MB)

› Files (2):
index.html (1.19 kB)
metadata.json (4.15 kB)

Exported: /private/tmp/avantehnik-remediation-export
