PASS second audited branch via selector {
  width: 430,
  height: 390,
  popup: { left: 69, right: 360, top: 41.15625, bottom: 182 },
  text: 'Авантехник Мега Комфорт\n' +
    '\n' +
    'Улица Ибраимова, 66, 3 ряд, 73, 76 бутик, Бишкек\n' +
    '\n' +
    'Открыть в 2GIS',
  attribution: ' Leaflet | © OpenStreetMap contributors',
  loaded: true,
  body: 'Магазины\n' +
    'Точки продаж и самовывоза в Бишкеке\n' +
    'Филиал\n' +
    'Авантехник Мега Комфорт\n' +
    '\n' +
    'Открыть выбранный филиал в 2GIS\n' +
    '\n' +
    'Авантехник Мега Комфорт\n' +
    'Улица Ибраимова, 66, 3 ряд, 73, 76 бутик, Бишкек\n' +
    'Актуальные часы работы — в 2GIS\n' +
    'Поддержка: +996500991966\n' +
    '\n' +
    'Открыть в 2GIS\n' +
    '\n' +
    'Позвонить\n' +
    '\n' +
    'Написать в WhatsApp\n' +
    '\n' +
    'Каталог\n' +
    '\n' +
    'Корзина\n' +
    '\n' +
    'Карты\n' +
    '\n' +
    'Заказы\n' +
    '\n' +
    'Профиль'
}
